
Double FG@DESKTOP-NHC942H MINGW64 ~←[0m
$ cd Desktop/

Double FG@DESKTOP-NHC942H MINGW64 ~/Desktop
$ mkdir Story

Double FG@DESKTOP-NHC942H MINGW64 ~/Desktop
$ cd Story/

Double FG@DESKTOP-NHC942H MINGW64 ~/Desktop/Story
$ ls

Double FG@DESKTOP-NHC942H MINGW64 ~/Desktop/Story
$ touch chapter1.txt

Double FG@DESKTOP-NHC942H MINGW64 ~/Desktop/Story
$ ls
chapter1.txt

Double FG@DESKTOP-NHC942H MINGW64 ~/Desktop/Story
$ open chapter1.txt 
bash: open: command not found

Double FG@DESKTOP-NHC942H MINGW64 ~/Desktop/Story
$ start chapter1.txt 

Double FG@DESKTOP-NHC942H MINGW64 ~/Desktop/Story
$ git init
Initialized empty Git repository in C:/Users/Double FG/Desktop/Story/.git/

Double FG@DESKTOP-NHC942H MINGW64 ~/Desktop/Story (master)
$ ls
chapter1.txt

Double FG@DESKTOP-NHC942H MINGW64 ~/Desktop/Story (master)
$ ls -a
./  ../  .git/  chapter1.txt

Double FG@DESKTOP-NHC942H MINGW64 ~/Desktop/Story (master)
$ git status
On branch master

No commits yet

Untracked files:
  (use "git add <file>..." to include in what will be committed)
        chapter1.txt

nothing added to commit but untracked files present (use "git add" to track)

Double FG@DESKTOP-NHC942H MINGW64 ~/Desktop/Story (master)
$ git add chapter1.txt 

Double FG@DESKTOP-NHC942H MINGW64 ~/Desktop/Story (master)
$ git status
On branch master

No commits yet

Changes to be committed:
  (use "git rm --cached <file>..." to unstage)
        new file:   chapter1.txt


Double FG@DESKTOP-NHC942H MINGW64 ~/Desktop/Story (master)
$ git commit -m "Complete Chapter 1"
Author identity unknown

*** Please tell me who you are.

Run

  git config --global user.email "you@example.com"
  git config --global user.name "Your Name"

to set your account's default identity.
Omit --global to set the identity only in this repository.

fatal: unable to auto-detect email address (got 'Double FG@DESKTOP-NHC942H.(none)')

Double FG@DESKTOP-NHC942H MINGW64 ~/Desktop/Story (master)
$ git log
fatal: your current branch 'master' does not have any commits yet

Double FG@DESKTOP-NHC942H MINGW64 ~/Desktop/Story (master)
$ git config --global user.name "Gaimard Fouading"

Double FG@DESKTOP-NHC942H MINGW64 ~/Desktop/Story (master)
$ git config --global user.email highdevelopment01@gmail.com

Double FG@DESKTOP-NHC942H MINGW64 ~/Desktop/Story (master)
$ git commit -m "Complete Chapter 1"
[master (root-commit) 9c62e43] Complete Chapter 1
 1 file changed, 1 insertion(+)
 create mode 100644 chapter1.txt

Double FG@DESKTOP-NHC942H MINGW64 ~/Desktop/Story (master)
$ git log
commit 9c62e43c691d3a86bdebc6a740b818a3801ae897 (HEAD -> master)
Author: Gaimard Fouading <highdevelopment01@gmail.com>
Date:   Sat Mar 18 14:39:30 2023 +0100

    Complete Chapter 1

Double FG@DESKTOP-NHC942H MINGW64 ~/Desktop/Story (master)
$ git status
On branch master
nothing to commit, working tree clean

Double FG@DESKTOP-NHC942H MINGW64 ~/Desktop/Story (master)
$ touch Chapter2.txt Chapter3.txt

Double FG@DESKTOP-NHC942H MINGW64 ~/Desktop/Story (master)
$ start Chapter3.txt 

Double FG@DESKTOP-NHC942H MINGW64 ~/Desktop/Story (master)
$ git status
On branch master
Untracked files:
  (use "git add <file>..." to include in what will be committed)
        Chapter2.txt
        Chapter3.txt

nothing added to commit but untracked files present (use "git add" to track)

Double FG@DESKTOP-NHC942H MINGW64 ~/Desktop/Story (master)
$ git add .

Double FG@DESKTOP-NHC942H MINGW64 ~/Desktop/Story (master)
$ git status
On branch master
Changes to be committed:
  (use "git restore --staged <file>..." to unstage)
        new file:   Chapter2.txt
        new file:   Chapter3.txt


Double FG@DESKTOP-NHC942H MINGW64 ~/Desktop/Story (master)
$ git commit -m "Complete Chapter 2 and 3"
[master bfaf370] Complete Chapter 2 and 3
 2 files changed, 2 insertions(+)
 create mode 100644 Chapter2.txt
 create mode 100644 Chapter3.txt

Double FG@DESKTOP-NHC942H MINGW64 ~/Desktop/Story (master)
$ git status
On branch master
nothing to commit, working tree clean

Double FG@DESKTOP-NHC942H MINGW64 ~/Desktop/Story (master)
$ git log
commit bfaf370cac232ce9fc310c13bccdf21a7492a403 (HEAD -> master)
Author: Gaimard Fouading <highdevelopment01@gmail.com>
Date:   Sat Mar 18 14:47:51 2023 +0100

    Complete Chapter 2 and 3

commit 9c62e43c691d3a86bdebc6a740b818a3801ae897
Author: Gaimard Fouading <highdevelopment01@gmail.com>
Date:   Sat Mar 18 14:39:30 2023 +0100

    Complete Chapter 1

Double FG@DESKTOP-NHC942H MINGW64 ~/Desktop/Story (master)
$ start Chapter3.txt 

Double FG@DESKTOP-NHC942H MINGW64 ~/Desktop/Story (master)
$ git status
On branch master
Changes not staged for commit:
  (use "git add <file>..." to update what will be committed)
  (use "git restore <file>..." to discard changes in working directory)
        modified:   Chapter3.txt

no changes added to commit (use "git add" and/or "git commit -a")

Double FG@DESKTOP-NHC942H MINGW64 ~/Desktop/Story (master)
$ git diff Chapter3.txt
diff --git a/Chapter3.txt b/Chapter3.txt
index 78b52dd..d96d011 100644
--- a/Chapter3.txt
+++ b/Chapter3.txt
@@ -1 +1,2 @@
-My third chapter: The age of rebirth
\ No newline at end of file
+My third chapter: The age of rebirth
+Okay I'm done with this. Let's go home...
\ No newline at end of file

Double FG@DESKTOP-NHC942H MINGW64 ~/Desktop/Story (master)
$ start Chapter3.txt 

Double FG@DESKTOP-NHC942H MINGW64 ~/Desktop/Story (master)
$ git checkout Chapter3.txt
Updated 1 path from the index

Double FG@DESKTOP-NHC942H MINGW64 ~/Desktop/Story (master)
$ git status
On branch master
nothing to commit, working tree clean

Double FG@DESKTOP-NHC942H MINGW64 ~/Desktop/Story (master)
$ git log
commit bfaf370cac232ce9fc310c13bccdf21a7492a403 (HEAD -> master)
Author: Gaimard Fouading <highdevelopment01@gmail.com>
Date:   Sat Mar 18 14:47:51 2023 +0100

    Complete Chapter 2 and 3

commit 9c62e43c691d3a86bdebc6a740b818a3801ae897
Author: Gaimard Fouading <highdevelopment01@gmail.com>
Date:   Sat Mar 18 14:39:30 2023 +0100

    Complete Chapter 1

Double FG@DESKTOP-NHC942H MINGW64 ~/Desktop/Story (master)
$